// Jest Snapshot v1, https://jestjs.io/docs/snapshot-testing

exports[`Label Component should match snapshot 1`] = `
<DocumentFragment>
  <label
    class="flex items-center gap-2 text-sm leading-none font-medium select-none group-data-[disabled=true]:pointer-events-none group-data-[disabled=true]:opacity-50 peer-disabled:cursor-not-allowed peer-disabled:opacity-50"
    data-slot="label"
    for="test"
  >
    Test
  </label>
</DocumentFragment>
`;
